GAMS 47.6.0  c2de9d6d Sep 12, 2024          WEX-WEI x86 64bit/MS Windows - 10/14/24 16:13:37 Page 1
G e n e r a l   A l g e b r a i c   M o d e l i n g   S y s t e m
C o m p i l a t i o n


   1  * 1. DEFINE the SETS
   2   
   3   SETS
   4   src  water supply sources
   5      /res "diversion from reservoir", pum "pump from river"/
   6   lev  source size
   7      /lev0 "none", lev1 "small", lev2 "big"/
   8   t    time in seasons
   9      /s1*s2/;
  10   
  11  * 2. DEFINE the variables
  12   
  13  Variables
  14      I(src,lev) binary decision to build source src (1=yes 0=no)
  15      X(src,t)   Volume of water provided by source src in time t (ac-ft per season)
  16      RREL (t)   Reservoir release to river in time t (ac-ft per season)
  17      STORE(t)   Reservoir storage volume in time t (ac-ft)
  18      AREA       Area irrigated (acre)
  19      NET        Total net benefits= revenues - capital - operating costs ($)
  20   
  21  Binary Variables
  22      I;
  23   
  24  * non-negativity constraints
  25  Positive Variables
  26      X, RREL, STORE;
  27   
  28  * 3. DEFINE input data
  29  Table CapCost(src, lev) capital cost to build ($)
  30             lev1     lev2
  31      res    6000    10000
  32      pum    8000         ;
  33   
  34  *lev0 is left out to keep the entry at zero
  35   
  36  Parameter OpCost(src) operating cost ($ per ac-ft)
  37          /res   0,
  38          pum   20/;
  39   
  40  Table MaxCapacity (src,lev) Maximum capacity of source if built (ac-ft per season)
  41             lev1     lev2
  42      res    300      700;
  43   
  44  *define the max capacity for the pump (convert from daily to seasonal)
  45  * card(t) counts the number of elements in set t
  46   
  47  MaxCapacity("pum", "lev1") = 2.2*365/card(t);
  48   
  49  Parameters
  50  RiverInflow(t) River inflow in time t (ac-ft)
  51              /s1 600, s2 200/
  52  Demand(t)      Irrigation demand in time t (ac-ft per acre)
  53              /s1 1.0, s2 3.0/
  54  InitStor       Initial reservoir storage (fraction of full capacity) /0.5/
  55  BaseFlow       River baseflow below the reservoir (ac-ft) /2/
  56  Revenue        Revenue from irrigation ($ per year per acre) /300/;
  57   
  58  *Convert daily baseflow to seasonal baseflow
  59  BaseFlow = BaseFlow*365/card(t)
  60   
  61  * 4. Combine variables and data in Equations
  62   
  63  Equations
  64  NetBen          Revenues minus capital and operating costs ($) and objective function value
  65  AreaToSupply(t) Area to supply with deliveries (ac)
  66  PumpCapacity(t) Pumping within capacity in each time step (ac-ft per season)
  67  ResCapacity(t)  Reservoir storage within capacity in each time step (ac-ft)
  68  MutExclus(src)  Can only implement one project size (#)
  69  RivMassBal(t)   River mass balance downstream of reservoir in each timestep (ac-ft)
  70  ResMassBal(t)   Reservoir mass balance in each time step (ac-ft);
  71   
  72  NetBen..                 NET =E= Revenue*AREA - SUM(src,SUM(lev,CapCost(src,lev)*I(src,lev)) + SUM(t,OpCost(src)*X(src,t)));
  73  AreaToSupply(t)..        AREA =L= SUM(src,X(src,t))/Demand(t);
  74  PumpCapacity(t)..        X("pum",t) =L= sum(lev,MaxCapacity("pum",lev)*I("pum",lev));
  75  ResCapacity(t)..         STORE(t) =L= sum(lev,MaxCapacity("res",lev)*I("res",lev));
  76  RivMassBal(t)..          X("pum",t) =L= RREL(t) + BaseFlow;
  77  MutExclus(src)..         sum(lev,I(src,lev)) =L= 1;
  78   
  79  *Reservoir mass balance
  80  *In first time step, previous storage is the initial storage (a fraction of the capacity).
  81  *In subsequent time steps, prevous storage is the prior storage variable (t-1).
  82  *Differentiate the cases using the $ operator $(ord(t) eq 1) => first time step
  83  *                                             $(ord(t) gt 1) => subsequent time steps
  84   
  85  ResMassBal(t)..   STORE(t) =E= RiverInflow(t) - RREL(t) - X("res",t) +
  86   
  87  *                    Initial storage = fraction of reservoir capacity to include for equation for first time step
  88   
  89  InitStor*sum(lev,MaxCapacity("res",lev)*I("res",lev))$(ord(t) eq 1)  +
  90   
  91  *                    Prior storage to include for equations for subsequent time steps (t-1)
  92   
  93  STORE(t-1)$(ord(t) gt 1);
  94   
  95  * 5. DEFINE the MODEL from the EQUATIONS
  96  MODEL ResDesign /ALL/;
  97   
  98  * 6. Solve the Model as an LP (relaxed IP)
  99  SOLVE ResDesign USING MIP Maximizing NET;
 100   
 101  DISPLAY X.L, I.L, NET.L;
 102   
 103  * Dump all input data and results to a GAMS gdx file
 104  Execute_Unload "HW 6 Reservoir.gdx";
 105  * Dump the gdx file to an Excel workbook
 106   Execute "gdx2xls HW 6 Reservoir.gdx"


COMPILATION TIME     =        0.000 SECONDS      3 MB  47.6.0 c2de9d6d WEX-WEI
GAMS 47.6.0  c2de9d6d Sep 12, 2024          WEX-WEI x86 64bit/MS Windows - 10/14/24 16:13:37 Page 2
G e n e r a l   A l g e b r a i c   M o d e l i n g   S y s t e m
Equation Listing    SOLVE ResDesign Using MIP From line 99


---- NetBen  =E=  Revenues minus capital and operating costs ($) and objective function value

NetBen..  6000*I(res,lev1) + 10000*I(res,lev2) + 8000*I(pum,lev1) + 20*X(pum,s1) + 20*X(pum,s2) - 300*AREA + NET =E= 0 ; (LHS = 0)
     

---- AreaToSupply  =L=  Area to supply with deliveries (ac)

AreaToSupply(s1)..  - X(res,s1) - X(pum,s1) + AREA =L= 0 ; (LHS = 0)
     
AreaToSupply(s2)..  - 0.333333333333333*X(res,s2) - 0.333333333333333*X(pum,s2) + AREA =L= 0 ; (LHS = 0)
     

---- PumpCapacity  =L=  Pumping within capacity in each time step (ac-ft per season)

PumpCapacity(s1)..  - 401.5*I(pum,lev1) + X(pum,s1) =L= 0 ; (LHS = 0)
     
PumpCapacity(s2)..  - 401.5*I(pum,lev1) + X(pum,s2) =L= 0 ; (LHS = 0)
     

---- ResCapacity  =L=  Reservoir storage within capacity in each time step (ac-ft)

ResCapacity(s1)..  - 300*I(res,lev1) - 700*I(res,lev2) + STORE(s1) =L= 0 ; (LHS = 0)
     
ResCapacity(s2)..  - 300*I(res,lev1) - 700*I(res,lev2) + STORE(s2) =L= 0 ; (LHS = 0)
     

---- MutExclus  =L=  Can only implement one project size (#)

MutExclus(res)..  I(res,lev0) + I(res,lev1) + I(res,lev2) =L= 1 ; (LHS = 0)
     
MutExclus(pum)..  I(pum,lev0) + I(pum,lev1) + I(pum,lev2) =L= 1 ; (LHS = 0)
     

---- RivMassBal  =L=  River mass balance downstream of reservoir in each timestep (ac-ft)

RivMassBal(s1)..  X(pum,s1) - RREL(s1) =L= 365 ; (LHS = 0)
     
RivMassBal(s2)..  X(pum,s2) - RREL(s2) =L= 365 ; (LHS = 0)
     

---- ResMassBal  =E=  Reservoir mass balance in each time step (ac-ft)

ResMassBal(s1)..  - 150*I(res,lev1) - 350*I(res,lev2) + X(res,s1) + RREL(s1) + STORE(s1) =E= 600 ; (LHS = 0, INFES = 600 ****)
     
ResMassBal(s2)..  X(res,s2) + RREL(s2) - STORE(s1) + STORE(s2) =E= 200 ; (LHS = 0, INFES = 200 ****)
     
GAMS 47.6.0  c2de9d6d Sep 12, 2024          WEX-WEI x86 64bit/MS Windows - 10/14/24 16:13:37 Page 3
G e n e r a l   A l g e b r a i c   M o d e l i n g   S y s t e m
Column Listing      SOLVE ResDesign Using MIP From line 99


---- I  binary decision to build source src (1=yes 0=no)

I(res,lev0)
                (.LO, .L, .UP, .M = 0, 0, 1, 0)
        1       MutExclus(res)

I(res,lev1)
                (.LO, .L, .UP, .M = 0, 0, 1, 0)
     6000       NetBen
     -300       ResCapacity(s1)
     -300       ResCapacity(s2)
        1       MutExclus(res)
     -150       ResMassBal(s1)

I(res,lev2)
                (.LO, .L, .UP, .M = 0, 0, 1, 0)
    10000       NetBen
     -700       ResCapacity(s1)
     -700       ResCapacity(s2)
        1       MutExclus(res)
     -350       ResMassBal(s1)

REMAINING 3 ENTRIES SKIPPED

---- X  Volume of water provided by source src in time t (ac-ft per season)

X(res,s1)
                (.LO, .L, .UP, .M = 0, 0, +INF, 0)
       -1       AreaToSupply(s1)
        1       ResMassBal(s1)

X(res,s2)
                (.LO, .L, .UP, .M = 0, 0, +INF, 0)
       -0.3333  AreaToSupply(s2)
        1       ResMassBal(s2)

X(pum,s1)
                (.LO, .L, .UP, .M = 0, 0, +INF, 0)
       20       NetBen
       -1       AreaToSupply(s1)
        1       PumpCapacity(s1)
        1       RivMassBal(s1)

REMAINING ENTRY SKIPPED

---- RREL  Reservoir release to river in time t (ac-ft per season)

RREL(s1)
                (.LO, .L, .UP, .M = 0, 0, +INF, 0)
       -1       RivMassBal(s1)
        1       ResMassBal(s1)

RREL(s2)
                (.LO, .L, .UP, .M = 0, 0, +INF, 0)
       -1       RivMassBal(s2)
        1       ResMassBal(s2)


---- STORE  Reservoir storage volume in time t (ac-ft)

STORE(s1)
                (.LO, .L, .UP, .M = 0, 0, +INF, 0)
        1       ResCapacity(s1)
        1       ResMassBal(s1)
       -1       ResMassBal(s2)

STORE(s2)
                (.LO, .L, .UP, .M = 0, 0, +INF, 0)
        1       ResCapacity(s2)
        1       ResMassBal(s2)


---- AREA  Area irrigated (acre)

AREA
                (.LO, .L, .UP, .M = -INF, 0, +INF, 0)
     -300       NetBen
        1       AreaToSupply(s1)
        1       AreaToSupply(s2)


---- NET  Total net benefits= revenues - capital - operating costs ($)

NET
                (.LO, .L, .UP, .M = -INF, 0, +INF, 0)
        1       NetBen

GAMS 47.6.0  c2de9d6d Sep 12, 2024          WEX-WEI x86 64bit/MS Windows - 10/14/24 16:13:37 Page 4
G e n e r a l   A l g e b r a i c   M o d e l i n g   S y s t e m
Range Statistics    SOLVE ResDesign Using MIP From line 99


RANGE STATISTICS (ABSOLUTE NON-ZERO FINITE VALUES)

RHS       [min, max] : [ 1.000E+00, 6.000E+02] - Zero values observed as well
Bound     [min, max] : [ 1.000E+00, 1.000E+00] - Zero values observed as well
Matrix    [min, max] : [ 3.333E-01, 1.000E+04]

GAMS 47.6.0  c2de9d6d Sep 12, 2024          WEX-WEI x86 64bit/MS Windows - 10/14/24 16:13:37 Page 5
G e n e r a l   A l g e b r a i c   M o d e l i n g   S y s t e m
Model Statistics    SOLVE ResDesign Using MIP From line 99


MODEL STATISTICS

BLOCKS OF EQUATIONS           7     SINGLE EQUATIONS           13
BLOCKS OF VARIABLES           6     SINGLE VARIABLES           16
NON ZERO ELEMENTS            42     DISCRETE VARIABLES          6


GENERATION TIME      =        0.015 SECONDS      4 MB  47.6.0 c2de9d6d WEX-WEI
GAMS 47.6.0  c2de9d6d Sep 12, 2024          WEX-WEI x86 64bit/MS Windows - 10/14/24 16:13:37 Page 6
G e n e r a l   A l g e b r a i c   M o d e l i n g   S y s t e m
Solution Report     SOLVE ResDesign Using MIP From line 99


               S O L V E      S U M M A R Y

     MODEL   ResDesign           OBJECTIVE  NET
     TYPE    MIP                 DIRECTION  MAXIMIZE
     SOLVER  CPLEX               FROM LINE  99

**** SOLVER STATUS     1 Normal Completion
**** MODEL STATUS      1 Optimal
**** OBJECTIVE VALUE            97766.6667

 RESOURCE USAGE, LIMIT          0.047 10000000000.000
 ITERATION COUNT, LIMIT         7    2147483647
*** This solver runs with a community license.
--- GMO setup time: 0.00s
--- GMO memory 0.50 Mb (peak 0.50 Mb)
--- Dictionary memory 0.00 Mb
--- Cplex 22.1.1.0 link memory 0.00 Mb (peak 0.00 Mb)
--- Starting Cplex


--- MIP status (101): integer optimal solution.
--- Cplex Time: 0.03sec (det. 0.11 ticks)

--- Returning a primal only solution to GAMS (marginals all set to NA).
--- Fixing integer variables and solving final LP...


--- Fixed MIP status (1): optimal.
--- Cplex Time: 0.00sec (det. 0.02 ticks)


Proven optimal solution
MIP Solution:        97766.666667    (7 iterations, 0 nodes)
Final Solve:         97766.666667    (5 iterations)

Best possible:       97766.666667
Absolute gap:            0.000000
Relative gap:            0.000000


                           LOWER          LEVEL          UPPER         MARGINAL

---- EQU NetBen              .              .              .             1.0000      

  NetBen  Revenues minus capital and operating costs ($) and objective function value

---- EQU AreaToSupply  Area to supply with deliveries (ac)

          LOWER          LEVEL          UPPER         MARGINAL

s1        -INF             .              .            20.0000      
s2        -INF             .              .           280.0000      

---- EQU PumpCapacity  Pumping within capacity in each time step (ac-ft per season)

          LOWER          LEVEL          UPPER         MARGINAL

s1        -INF         -229.8333          .              .          
s2        -INF          -36.5000          .              .          

---- EQU ResCapacity  Reservoir storage within capacity in each time step (ac-ft)

          LOWER          LEVEL          UPPER         MARGINAL

s1        -INF             .              .            73.3333      
s2        -INF         -700.0000          .              .          

---- EQU MutExclus  Can only implement one project size (#)

           LOWER          LEVEL          UPPER         MARGINAL

res        -INF            1.0000         1.0000          .          
pum        -INF            1.0000         1.0000          .          

---- EQU RivMassBal  River mass balance downstream of reservoir in each timestep (ac-ft)

          LOWER          LEVEL          UPPER         MARGINAL

s1        -INF          171.6667       365.0000          .          
s2        -INF          365.0000       365.0000        73.3333      

---- EQU ResMassBal  Reservoir mass balance in each time step (ac-ft)

          LOWER          LEVEL          UPPER         MARGINAL

s1       600.0000       600.0000       600.0000        20.0000      
s2       200.0000       200.0000       200.0000        93.3333      

---- VAR I  binary decision to build source src (1=yes 0=no)

                LOWER          LEVEL          UPPER         MARGINAL

res.lev0          .              .             1.0000         EPS         
res.lev1          .              .             1.0000     19000.0000      
res.lev2          .             1.0000         1.0000     48333.3333      
pum.lev0          .              .             1.0000         EPS         
pum.lev1          .             1.0000         1.0000     -8000.0000      
pum.lev2          .              .             1.0000         EPS         

---- VAR X  Volume of water provided by source src in time t (ac-ft per season)

              LOWER          LEVEL          UPPER         MARGINAL

res.s1          .           250.0000        +INF             .          
res.s2          .           900.0000        +INF             .          
pum.s1          .           171.6667        +INF             .          
pum.s2          .           365.0000        +INF             .          

---- VAR RREL  Reservoir release to river in time t (ac-ft per season)

          LOWER          LEVEL          UPPER         MARGINAL

s1          .              .            +INF          -20.0000      
s2          .              .            +INF          -20.0000      

---- VAR STORE  Reservoir storage volume in time t (ac-ft)

          LOWER          LEVEL          UPPER         MARGINAL

s1          .           700.0000        +INF             .          
s2          .              .            +INF          -93.3333      

                           LOWER          LEVEL          UPPER         MARGINAL

---- VAR AREA              -INF          421.6667        +INF             .          
---- VAR NET               -INF        97766.6667        +INF             .          

  AREA  Area irrigated (acre)
  NET  Total net benefits= revenues - capital - operating costs ($)


**** REPORT SUMMARY :        0     NONOPT
                             0 INFEASIBLE
                             0  UNBOUNDED
GAMS 47.6.0  c2de9d6d Sep 12, 2024          WEX-WEI x86 64bit/MS Windows - 10/14/24 16:13:37 Page 7
G e n e r a l   A l g e b r a i c   M o d e l i n g   S y s t e m
E x e c u t i o n


----    101 VARIABLE X.L  Volume of water provided by source src in time t (ac-ft per season)

             s1          s2

res     250.000     900.000
pum     171.667     365.000


----    101 VARIABLE I.L  binary decision to build source src (1=yes 0=no)

           lev1        lev2

res                   1.000
pum       1.000


----    101 VARIABLE NET.L                 =    97766.667  Total net benefits= revenues - capital - operating costs ($)


EXECUTION TIME       =        0.437 SECONDS      4 MB  47.6.0 c2de9d6d WEX-WEI


USER: CEE 6410 Water Resources Systems Analysis      G240923|0002AO-GEN
      Utah State University, Utah Water Research Laboratory     DCE3763
      License for teaching and research at degree granting institutions


**** FILE SUMMARY

Input      C:\Users\adrie\Dropbox\CEE 3410\CEE-6410-McKell\HW 6 Reservoir.gms
Output     C:\Users\adrie\Dropbox\CEE 3410\CEE-6410-McKell\HW 6 Reservoir.lst
