GAMS 47.6.0  c2de9d6d Sep 12, 2024          WEX-WEI x86 64bit/MS Windows - 10/22/24 16:37:50 Page 1
G e n e r a l   A l g e b r a i c   M o d e l i n g   S y s t e m
C o m p i l a t i o n


      CEE 6410 - Water Resources Systems Analysis
       
       
      THE PROBLEM:
       
      A reservoir is designed to provide hydropower and water for irrigation.    Data are as fol-lows:
       
      Hydroppower and Irrigation Data
      Month   Inflow Units    Hydropower Benefits ($/unit)    Irrigation Benefits ($/unit)
      1          2            1.6                             1.0
      2          2            1.7                             1.2
      3          3            1.8                             1.9
      4          4            1.9                             2.0
      5          3            2.0                             2.2
      6          2            2.0                             2.2
       
       
      THE SOLUTION:
      Uses General Algebraic Modeling System to Solve this Linear Program
       
      Adrienne McKell
      adrienne.mckell@usu.edu
  25   
  26  SETS
  27     t months /1*6/
  28     ;
  29   
  30  PARAMETERS
  31     inflow(t)         Inflow units per month
  32     hp_benefit(t)     Hydropower benefit per unit of water
  33     irr_benefit(t)    Irrigation benefit per unit of water
  34     turbine_capacity  Maximum water release through turbines (units per month) /4/
  35     initial_storage   Initial reservoir storage (units) /5/
  36     reservoir_capacity Maximum reservoir storage (units) /9/
  37     ;
  38   
  39   
  40  TABLE Data(t,*)   Data for each month
  41     inflow  hp_benefit  irr_benefit
  42  1   2       1.6         1.0
  43  2   2       1.7         1.2
  44  3   3       1.8         1.9
  45  4   4       1.9         2.0
  46  5   3       2.0         2.2
  47  6   2       2.0         2.2
  48  ;
  49   
  50  inflow(t) = Data(t,'inflow');
  51  hp_benefit(t) = Data(t,'hp_benefit');
  52  irr_benefit(t) = Data(t,'irr_benefit');
  53   
  54  * POSITIVE VARIABLES to enforce non-negativity
  55  POSITIVE VARIABLES
  56     storage(t)        * Reservoir storage at end of month t (units)
  57     release_hp(t)     * Water release through hydropower turbines (units)
  58     release_irr(t)    * Water release for irrigation (units)
  59     spill(t)          * Water released through spillway
  60     ;
  61   
  62  VARIABLES
  63     objective         * Total economic benefits (dollars)
  64     ;
  65   
  66  * EQUATIONS
  67  EQUATIONS
  68     objective_function       Objective to maximize economic benefits
  69     mass_balance_1           Water balance for first month
  70     mass_balance(t)          Water balance for subsequent months
  71     storage_limit(t)         Reservoir storage limit
  72     turbine_capacity_limit(t) Hydropower turbine release limit
  73     end_storage_constraint   Ensure ending storage is greater or equal to initial
  74     river_flow_constraint(t) River flow requirement (at least 1 unit of water left in river)
  75     ;
  76   
  77  * OBJECTIVE FUNCTION
  78  objective_function ..
  79     objective =E= SUM(t, hp_benefit(t)*release_hp(t) + irr_benefit(t)*release_irr(t));
  80   
  81  * MASS BALANCE: Storage at time t=1
  82  mass_balance_1 ..
  83     storage('1') =E= initial_storage + inflow('1') - release_hp('1') - spill('1');
  84   
  85  * MASS BALANCE: Storage for t > 1
  86  mass_balance(t)$(ord(t) > 1) ..
  87     storage(t) =E= storage(t-1) + inflow(t) - release_hp(t) - spill(t);
  88   
  89  * STORAGE LIMIT: Reservoir cannot exceed its capacity
  90  storage_limit(t)..
  91     storage(t) =L= reservoir_capacity;
  92   
  93  * TURBINE CAPACITY LIMIT: Water release through turbines limited to 4 units/month
  94  turbine_capacity_limit(t)..
  95     release_hp(t) =L= turbine_capacity;
  96   
  97  * RIVER FLOW CONSTRAINT: At least 1 unit of water must remain in the river
  98  river_flow_constraint(t) ..
  99     spill(t)+ release_hp(t)-release_irr(t) =G= 1;
 100   
 101  * END STORAGE CONSTRAINT: Ensure ending storage is at least as large as initial storage
 102  end_storage_constraint ..
 103     storage('6') =G= initial_storage;
 104   
 105  * SOLVE
 106  MODEL ReservoirOperation /ALL/;
 107  ReservoirOperation.optfile = 1;
 108  SOLVE ReservoirOperation USING LP MAXIMIZING objective;
 109   


COMPILATION TIME     =        0.000 SECONDS      3 MB  47.6.0 c2de9d6d WEX-WEI
GAMS 47.6.0  c2de9d6d Sep 12, 2024          WEX-WEI x86 64bit/MS Windows - 10/22/24 16:37:50 Page 2
G e n e r a l   A l g e b r a i c   M o d e l i n g   S y s t e m
Equation Listing    SOLVE ReservoirOperation Using LP From line 108


---- objective_function  =E=  Objective to maximize economic benefits

objective_function..  - 1.6*release_hp(1) - 1.7*release_hp(2) - 1.8*release_hp(3) - 1.9*release_hp(4) - 2*release_hp(5) - 2*release_hp(6) - release_irr(1) - 1.2*release_irr(2) - 1.9*release_irr(3) - 2*release_irr(4) - 2.2*release_irr(5) - 2.2*release_irr(6) + objective =E= 0 ; (LHS = 0)
     

---- mass_balance_1  =E=  Water balance for first month

mass_balance_1..  storage(1) + release_hp(1) + spill(1) =E= 7 ; (LHS = 0, INFES = 7 ****)
     

---- mass_balance  =E=  Water balance for subsequent months

mass_balance(2)..  - storage(1) + storage(2) + release_hp(2) + spill(2) =E= 2 ; (LHS = 0, INFES = 2 ****)
     
mass_balance(3)..  - storage(2) + storage(3) + release_hp(3) + spill(3) =E= 3 ; (LHS = 0, INFES = 3 ****)
     
mass_balance(4)..  - storage(3) + storage(4) + release_hp(4) + spill(4) =E= 4 ; (LHS = 0, INFES = 4 ****)
     
REMAINING 2 ENTRIES SKIPPED


---- storage_limit  =L=  Reservoir storage limit

storage_limit(1)..  storage(1) =L= 9 ; (LHS = 0)
     
storage_limit(2)..  storage(2) =L= 9 ; (LHS = 0)
     
storage_limit(3)..  storage(3) =L= 9 ; (LHS = 0)
     
REMAINING 3 ENTRIES SKIPPED


---- turbine_capacity_limit  =L=  Hydropower turbine release limit

turbine_capacity_limit(1)..  release_hp(1) =L= 4 ; (LHS = 0)
     
turbine_capacity_limit(2)..  release_hp(2) =L= 4 ; (LHS = 0)
     
turbine_capacity_limit(3)..  release_hp(3) =L= 4 ; (LHS = 0)
     
REMAINING 3 ENTRIES SKIPPED


---- end_storage_constraint  =G=  Ensure ending storage is greater or equal to initial

end_storage_constraint..  storage(6) =G= 5 ; (LHS = 0, INFES = 5 ****)
     

---- river_flow_constraint  =G=  River flow requirement (at least 1 unit of water left in river)

river_flow_constraint(1)..  release_hp(1) - release_irr(1) + spill(1) =G= 1 ; (LHS = 0, INFES = 1 ****)
     
river_flow_constraint(2)..  release_hp(2) - release_irr(2) + spill(2) =G= 1 ; (LHS = 0, INFES = 1 ****)
     
river_flow_constraint(3)..  release_hp(3) - release_irr(3) + spill(3) =G= 1 ; (LHS = 0, INFES = 1 ****)
     
REMAINING 3 ENTRIES SKIPPED

GAMS 47.6.0  c2de9d6d Sep 12, 2024          WEX-WEI x86 64bit/MS Windows - 10/22/24 16:37:50 Page 3
G e n e r a l   A l g e b r a i c   M o d e l i n g   S y s t e m
Column Listing      SOLVE ReservoirOperation Using LP From line 108


---- storage  * Reservoir storage at end of month t (units)

storage(1)
                (.LO, .L, .UP, .M = 0, 0, +INF, 0)
        1       mass_balance_1
       -1       mass_balance(2)
        1       storage_limit(1)

storage(2)
                (.LO, .L, .UP, .M = 0, 0, +INF, 0)
        1       mass_balance(2)
       -1       mass_balance(3)
        1       storage_limit(2)

storage(3)
                (.LO, .L, .UP, .M = 0, 0, +INF, 0)
        1       mass_balance(3)
       -1       mass_balance(4)
        1       storage_limit(3)

REMAINING 3 ENTRIES SKIPPED

---- release_hp  * Water release through hydropower turbines (units)

release_hp(1)
                (.LO, .L, .UP, .M = 0, 0, +INF, 0)
       -1.6     objective_function
        1       mass_balance_1
        1       turbine_capacity_limit(1)
        1       river_flow_constraint(1)

release_hp(2)
                (.LO, .L, .UP, .M = 0, 0, +INF, 0)
       -1.7     objective_function
        1       mass_balance(2)
        1       turbine_capacity_limit(2)
        1       river_flow_constraint(2)

release_hp(3)
                (.LO, .L, .UP, .M = 0, 0, +INF, 0)
       -1.8     objective_function
        1       mass_balance(3)
        1       turbine_capacity_limit(3)
        1       river_flow_constraint(3)

REMAINING 3 ENTRIES SKIPPED

---- release_irr  * Water release for irrigation (units)

release_irr(1)
                (.LO, .L, .UP, .M = 0, 0, +INF, 0)
       -1       objective_function
       -1       river_flow_constraint(1)

release_irr(2)
                (.LO, .L, .UP, .M = 0, 0, +INF, 0)
       -1.2     objective_function
       -1       river_flow_constraint(2)

release_irr(3)
                (.LO, .L, .UP, .M = 0, 0, +INF, 0)
       -1.9     objective_function
       -1       river_flow_constraint(3)

REMAINING 3 ENTRIES SKIPPED

---- spill  * Water released through spillway

spill(1)
                (.LO, .L, .UP, .M = 0, 0, +INF, 0)
        1       mass_balance_1
        1       river_flow_constraint(1)

spill(2)
                (.LO, .L, .UP, .M = 0, 0, +INF, 0)
        1       mass_balance(2)
        1       river_flow_constraint(2)

spill(3)
                (.LO, .L, .UP, .M = 0, 0, +INF, 0)
        1       mass_balance(3)
        1       river_flow_constraint(3)

REMAINING 3 ENTRIES SKIPPED

---- objective  * Total economic benefits (dollars)

objective
                (.LO, .L, .UP, .M = -INF, 0, +INF, 0)
        1       objective_function

GAMS 47.6.0  c2de9d6d Sep 12, 2024          WEX-WEI x86 64bit/MS Windows - 10/22/24 16:37:50 Page 4
G e n e r a l   A l g e b r a i c   M o d e l i n g   S y s t e m
Range Statistics    SOLVE ReservoirOperation Using LP From line 108


RANGE STATISTICS (ABSOLUTE NON-ZERO FINITE VALUES)

RHS       [min, max] : [ 1.000E+00, 9.000E+00] - Zero values observed as well
Bound     [min, max] : [        NA,        NA] - Zero values observed as well
Matrix    [min, max] : [ 1.000E+00, 2.200E+00]

GAMS 47.6.0  c2de9d6d Sep 12, 2024          WEX-WEI x86 64bit/MS Windows - 10/22/24 16:37:50 Page 5
G e n e r a l   A l g e b r a i c   M o d e l i n g   S y s t e m
Model Statistics    SOLVE ReservoirOperation Using LP From line 108


MODEL STATISTICS

BLOCKS OF EQUATIONS           7     SINGLE EQUATIONS           26
BLOCKS OF VARIABLES           5     SINGLE VARIABLES           25
NON ZERO ELEMENTS            67


GENERATION TIME      =        0.218 SECONDS      4 MB  47.6.0 c2de9d6d WEX-WEI
GAMS 47.6.0  c2de9d6d Sep 12, 2024          WEX-WEI x86 64bit/MS Windows - 10/22/24 16:37:50 Page 6
G e n e r a l   A l g e b r a i c   M o d e l i n g   S y s t e m
Solution Report     SOLVE ReservoirOperation Using LP From line 108


               S O L V E      S U M M A R Y

     MODEL   ReservoirOperation   OBJECTIVE  objective
     TYPE    LP                   DIRECTION  MAXIMIZE
     SOLVER  CPLEX                FROM LINE  108

**** SOLVER STATUS     1 Normal Completion
**** MODEL STATUS      1 Optimal
**** OBJECTIVE VALUE               51.6000

 RESOURCE USAGE, LIMIT          0.031 10000000000.000
 ITERATION COUNT, LIMIT        16    2147483647
*** This solver runs with a community license.

Reading parameter(s) from "C:\Users\adrie\Dropbox\CEE 3410\CEE-6410-McKell\cplex.opt"
>>  objrng all
>>  rhsrng all
Finished reading from "C:\Users\adrie\Dropbox\CEE 3410\CEE-6410-McKell\cplex.opt"

--- GMO setup time: 0.00s
--- GMO memory 0.50 Mb (peak 0.50 Mb)
--- Dictionary memory 0.00 Mb
--- Cplex 22.1.1.0 link memory 0.00 Mb (peak 0.00 Mb)
--- Starting Cplex


--- LP status (1): optimal.
--- Cplex Time: 0.02sec (det. 0.05 ticks)

--- Start ranging / sensitivity analysis...
--- Right-hand-side ranging...

EQUATION NAME                            LOWER           CURRENT             UPPER
-------------                            -----           -------             -----
objective_function                        -INF                NA              +INF   =C
mass_balance_1                               6                 7                 9   =C
mass_balance(2)                              1                 2                 4   =C
mass_balance(3)                              2                 3                 5   =C
mass_balance(4)                              3                 4                 6   =C
mass_balance(5)                              2                 3                 5   =C
mass_balance(6)                              1                 2                 4   =C
storage_limit(1)                             6                 9              +INF   =C
storage_limit(2)                             7                 9              +INF   =C
storage_limit(3)                             8                 9              +INF   =C
storage_limit(4)                             8                 9              +INF   =C
storage_limit(5)                             7                 9              +INF   =C
storage_limit(6)                             5                 9              +INF   =C
turbine_capacity_limit(1)                    1                 4              +INF   =C
turbine_capacity_limit(2)                    1                 4              +INF   =C
turbine_capacity_limit(3)                    2                 4              +INF   =C
turbine_capacity_limit(4)                    2                 4                 5   =C
turbine_capacity_limit(5)                    2                 4                 5   =C
turbine_capacity_limit(6)                    2                 4                 5   =C
end_storage_constraint                       3                 5                 6   =C
river_flow_constraint(1)                     0                 1                 2   =C
river_flow_constraint(2)                     0                 1                 2   =C
river_flow_constraint(3)                  -INF                 1                 2   =C
river_flow_constraint(4)                  -INF                 1                 4   =C
river_flow_constraint(5)                  -INF                 1                 4   =C
river_flow_constraint(6)                  -INF                 1                 4   =C

--- Objective ranging...

VARIABLE NAME                            LOWER           CURRENT             UPPER
-------------                            -----           -------             -----
storage(1)                                -1.1                 0              +INF   =C
storage(2)                                -0.8                 0              +INF   =C
storage(3)                                -0.2                 0               1.5   =C
storage(4)                                -0.5                 0               1.5   =C
storage(5)                                -0.5                 0               1.5   =C
storage(6)                                -INF                 0               3.7   =C
release_hp(1)                                0               1.6               2.7   =C
release_hp(2)                     -2.22045e-16               1.7               2.5   =C
release_hp(3)                                1               1.8                 2   =C
release_hp(4)                              1.7               1.9              +INF   =C
release_hp(5)                              1.5                 2              +INF   =C
release_hp(6)                              1.5                 2              +INF   =C
release_irr(1)                            -INF                 1               2.1   =C
release_irr(2)                            -INF               1.2                 2   =C
release_irr(3)                             1.1               1.9               2.1   =C
release_irr(4)                             1.8                 2               3.7   =C
release_irr(5)                             1.7               2.2               3.7   =C
release_irr(6)                             1.7               2.2               3.7   =C
spill(1)                                  -INF                 0               1.6   =C
spill(2)                                  -INF                 0               1.7   =C
spill(3)                                  -INF                 0               1.8   =C
spill(4)                                  -INF                 0               1.7   =C
spill(5)                                  -INF                 0               1.5   =C
spill(6)                                  -INF                 0               1.5   =C
objective                                 -INF                NA              +INF   =C


Optimal solution found
Objective:           51.600000


                           LOWER          LEVEL          UPPER         MARGINAL

---- EQU objective~          .              .              .             1.0000      
---- EQU mass_bala~         7.0000         7.0000         7.0000         3.7000      

  objective_function  Objective to maximize economic benefits
  mass_balance_1  Water balance for first month

---- EQU mass_balance  Water balance for subsequent months

         LOWER          LEVEL          UPPER         MARGINAL

2         2.0000         2.0000         2.0000         3.7000      
3         3.0000         3.0000         3.0000         3.7000      
4         4.0000         4.0000         4.0000         3.7000      
5         3.0000         3.0000         3.0000         3.7000      
6         2.0000         2.0000         2.0000         3.7000      

---- EQU storage_limit  Reservoir storage limit

         LOWER          LEVEL          UPPER         MARGINAL

1        -INF            6.0000         9.0000          .          
2        -INF            7.0000         9.0000          .          
3        -INF            8.0000         9.0000          .          
4        -INF            8.0000         9.0000          .          
5        -INF            7.0000         9.0000          .          
6        -INF            5.0000         9.0000          .          

---- EQU turbine_capacity_limit  Hydropower turbine release limit

         LOWER          LEVEL          UPPER         MARGINAL

1        -INF            1.0000         4.0000          .          
2        -INF            1.0000         4.0000          .          
3        -INF            2.0000         4.0000          .          
4        -INF            4.0000         4.0000         0.2000      
5        -INF            4.0000         4.0000         0.5000      
6        -INF            4.0000         4.0000         0.5000      

                           LOWER          LEVEL          UPPER         MARGINAL

---- EQU end_stora~         5.0000         5.0000        +INF           -3.7000      

  end_storage_constraint  Ensure ending storage is greater or equal to initial

---- EQU river_flow_constraint  River flow requirement (at least 1 unit of water left in river)

         LOWER          LEVEL          UPPER         MARGINAL

1         1.0000         1.0000        +INF           -2.1000      
2         1.0000         1.0000        +INF           -2.0000      
3         1.0000         1.0000        +INF           -1.9000      
4         1.0000         1.0000        +INF           -2.0000      
5         1.0000         1.0000        +INF           -2.2000      
6         1.0000         1.0000        +INF           -2.2000      

---- VAR storage  * Reservoir storage at end of month t (units)

         LOWER          LEVEL          UPPER         MARGINAL

1          .             6.0000        +INF             .          
2          .             7.0000        +INF             .          
3          .             8.0000        +INF             .          
4          .             8.0000        +INF             .          
5          .             7.0000        +INF             .          
6          .             5.0000        +INF             .          

---- VAR release_hp  * Water release through hydropower turbines (units)

         LOWER          LEVEL          UPPER         MARGINAL

1          .             1.0000        +INF             .          
2          .             1.0000        +INF             .          
3          .             2.0000        +INF             .          
4          .             4.0000        +INF             .          
5          .             4.0000        +INF             .          
6          .             4.0000        +INF             .          

---- VAR release_irr  * Water release for irrigation (units)

         LOWER          LEVEL          UPPER         MARGINAL

1          .              .            +INF           -1.1000      
2          .              .            +INF           -0.8000      
3          .             1.0000        +INF             .          
4          .             3.0000        +INF             .          
5          .             3.0000        +INF             .          
6          .             3.0000        +INF             .          

---- VAR spill  * Water released through spillway

         LOWER          LEVEL          UPPER         MARGINAL

1          .              .            +INF           -1.6000      
2          .              .            +INF           -1.7000      
3          .              .            +INF           -1.8000      
4          .              .            +INF           -1.7000      
5          .              .            +INF           -1.5000      
6          .              .            +INF           -1.5000      

                           LOWER          LEVEL          UPPER         MARGINAL

---- VAR objective         -INF           51.6000        +INF             .          

  objective  * Total economic benefits (dollars)


**** REPORT SUMMARY :        0     NONOPT
                             0 INFEASIBLE
                             0  UNBOUNDED


EXECUTION TIME       =        0.578 SECONDS      4 MB  47.6.0 c2de9d6d WEX-WEI


USER: CEE 6410 Water Resources Systems Analysis      G240923|0002AO-GEN
      Utah State University, Utah Water Research Laboratory     DCE3763
      License for teaching and research at degree granting institutions


**** FILE SUMMARY

Input      C:\Users\adrie\Dropbox\CEE 3410\CEE-6410-McKell\HW5 GAMS.gms
Output     C:\Users\adrie\Dropbox\CEE 3410\CEE-6410-McKell\HW5 GAMS.lst
